INFO    : Now preparing local server to preview your project directory `/Users/jwjohnson/Documents/P Exam Book`.
INFO    :   (Reminder: use `pretext deploy` to deploy your built project to a public
INFO    :   GitHub Pages site that can be shared with readers who cannot access your
INFO    :   personal computer.)
INFO    : 
INFO    : starting server ...
INFO    : setting up PreTeXt web server ...
WARNING : Couldn't find a port within a reasonable time, stopping search.
WARNING : Port 8200 could not be used.
WARNING : Trying port 8201 instead.

WARNING : Port 8201 could not be used.
WARNING : Trying port 8202 instead.

WARNING : Port 8202 could not be used.
WARNING : Trying port 8203 instead.

WARNING : Port 8203 could not be used.
WARNING : Trying port 8204 instead.

WARNING : Port 8204 could not be used.
WARNING : Trying port 8205 instead.

WARNING : Port 8205 could not be used.
WARNING : Trying port 8206 instead.

WARNING : Port 8206 could not be used.
WARNING : Trying port 8207 instead.

WARNING : Port 8207 could not be used.
WARNING : Trying port 8208 instead.

WARNING : Port 8208 could not be used.
WARNING : Trying port 8209 instead.

WARNING : Port 8209 could not be used.
WARNING : Trying port 8210 instead.

WARNING : Port 8210 could not be used.
WARNING : Trying port 8211 instead.

WARNING : Port 8211 could not be used.
WARNING : Trying port 8212 instead.

WARNING : Port 8212 could not be used.
WARNING : Trying port 8213 instead.

WARNING : Port 8213 could not be used.
WARNING : Trying port 8214 instead.

WARNING : Port 8214 could not be used.
WARNING : Trying port 8215 instead.

WARNING : Port 8215 could not be used.
WARNING : Trying port 8216 instead.

WARNING : Port 8216 could not be used.
WARNING : Trying port 8217 instead.

WARNING : Port 8217 could not be used.
WARNING : Trying port 8218 instead.

WARNING : Port 8218 could not be used.
WARNING : Trying port 8219 instead.

WARNING : Port 8219 could not be used.
WARNING : Trying port 8220 instead.

WARNING : Port 8220 could not be used.
WARNING : Trying port 8221 instead.

INFO    : Added pretext web server entry 87de41480a 57264 8221 localhost

INFO    : Server will soon be available at http://localhost:8221
INFO    : Opening browser for target `web` at http://localhost:8221/output/web
